[conv] === HOLDOUT: 2021-2023 conventional evaluation ===
[conv]   fetched 20/120 stations
[conv]   fetched 40/120 stations
[conv]   fetched 60/120 stations
[conv]   fetched 80/120 stations
[conv]   fetched 100/120 stations
[conv]   fetched 120/120 stations
[conv]   fetched panel in 7753s (5 station failures)
[conv]   panel: 135240 rows, 120 stations
[conv]   built 118865 temporal holdout windows
[conv]   scoring ThermoRoute ...
[conv]   scoring LightGBM ...
[conv]   scoring DampedPriorOnly ...
[conv]   scoring TR-noDynamicPrior ...
[conv]   scoring TR-fixedKappa ...
[conv]   scoring TR-noRouter ...
[conv]   scoring TR-noMoE ...
[conv]   scoring TR-noTCN ...
[conv]   scoring TR-unbounded ...
[conv]   scoring LSTM ...
[conv]   building external pooled windows ...
[conv]   scoring ThermoRoute-ext ...
[conv]   scoring LSTM-ext ...
[conv]   scoring LightGBM-ext ...
[conv]   wrote /home/lzq/workspace/parttime/thermoroute-water-temperature/outputs/conventional/holdout_metrics_2021_2023.csv
[conv]   wrote /home/lzq/workspace/parttime/thermoroute-water-temperature/outputs/conventional/holdout_summary_2021_2023.json
